Update: Thu Sep 25 07:46:18 UTC 2025
Update: Thu Sep 25 07:47:42 UTC 2025
Update: Thu Sep 25 12:30:51 UTC 2025
Update: Thu Sep 25 18:21:21 UTC 2025
Update: Fri Sep 26 01:06:13 UTC 2025
Update: Fri Sep 26 06:21:14 UTC 2025
Update: Fri Sep 26 11:29:49 UTC 2025
Update: Fri Sep 26 11:34:49 UTC 2025
Update: Fri Sep 26 12:28:43 UTC 2025
Update: Fri Sep 26 12:29:38 UTC 2025
Update: Fri Sep 26 18:18:51 UTC 2025
Update: Sat Sep 27 00:30:11 UTC 2025
Update: Sat Sep 27 00:30:51 UTC 2025
Update: Sat Sep 27 00:32:07 UTC 2025
Update: Sat Sep 27 00:32:14 UTC 2025
Update: Sat Sep 27 00:32:37 UTC 2025
Update: Sat Sep 27 01:03:26 UTC 2025
Update: Sat Sep 27 06:18:38 UTC 2025
Update: Sat Sep 27 07:18:05 UTC 2025
Update: Sat Sep 27 07:18:42 UTC 2025
Update: Sat Sep 27 12:25:24 UTC 2025
Update: Sat Sep 27 18:18:11 UTC 2025
Update: Sun Sep 28 01:12:54 UTC 2025
Update: Sun Sep 28 06:19:37 UTC 2025
Update: Sun Sep 28 08:25:51 UTC 2025
Update: Sun Sep 28 08:32:23 UTC 2025
Update: Sun Sep 28 08:33:11 UTC 2025
Update: Sun Sep 28 08:52:34 UTC 2025
Update: Sun Sep 28 08:53:02 UTC 2025
Update: Sun Sep 28 12:26:00 UTC 2025
Update: Sun Sep 28 18:17:43 UTC 2025
Update: Mon Sep 29 01:07:57 UTC 2025
Update: Mon Sep 29 05:49:29 UTC 2025
Update: Mon Sep 29 06:23:23 UTC 2025
Update: Mon Sep 29 12:30:15 UTC 2025
Update: Mon Sep 29 18:21:14 UTC 2025
Update: Tue Sep 30 01:07:20 UTC 2025
Update: Tue Sep 30 06:22:09 UTC 2025
Update: Tue Sep 30 12:30:42 UTC 2025
Update: Tue Sep 30 18:19:50 UTC 2025
Update: Wed Oct  1 01:14:19 UTC 2025
Update: Wed Oct  1 06:21:57 UTC 2025
Update: Wed Oct  1 12:31:27 UTC 2025
Update: Wed Oct  1 18:20:22 UTC 2025
Update: Thu Oct  2 01:04:49 UTC 2025
Update: Thu Oct  2 06:21:38 UTC 2025
Update: Thu Oct  2 12:28:06 UTC 2025
Update: Thu Oct  2 18:20:11 UTC 2025
Update: Fri Oct  3 01:04:47 UTC 2025
Update: Fri Oct  3 06:20:54 UTC 2025
Update: Fri Oct  3 12:28:45 UTC 2025
Update: Fri Oct  3 18:19:52 UTC 2025
Update: Sat Oct  4 01:02:05 UTC 2025
Update: Sat Oct  4 06:18:51 UTC 2025
Update: Sat Oct  4 12:25:16 UTC 2025
Update: Sat Oct  4 18:17:52 UTC 2025
Update: Sun Oct  5 01:11:53 UTC 2025
Update: Sun Oct  5 06:19:01 UTC 2025
Update: Sun Oct  5 12:25:41 UTC 2025
Update: Sun Oct  5 18:18:06 UTC 2025
Update: Mon Oct  6 01:06:48 UTC 2025
Update: Mon Oct  6 06:22:24 UTC 2025
Update: Mon Oct  6 12:30:05 UTC 2025
Update: Mon Oct  6 18:21:42 UTC 2025
Update: Tue Oct  7 01:05:42 UTC 2025
Update: Tue Oct  7 06:21:38 UTC 2025
Update: Tue Oct  7 12:30:29 UTC 2025
Update: Tue Oct  7 18:21:03 UTC 2025
Update: Wed Oct  8 01:05:22 UTC 2025
Update: Wed Oct  8 06:22:02 UTC 2025
Update: Wed Oct  8 12:30:32 UTC 2025
Update: Wed Oct  8 18:21:38 UTC 2025
Update: Thu Oct  9 01:06:28 UTC 2025
Update: Thu Oct  9 06:22:30 UTC 2025
Update: Thu Oct  9 12:29:59 UTC 2025
Update: Thu Oct  9 18:20:25 UTC 2025
Update: Fri Oct 10 01:05:56 UTC 2025
Update: Fri Oct 10 06:22:27 UTC 2025
Update: Fri Oct 10 12:29:54 UTC 2025
Update: Fri Oct 10 18:20:49 UTC 2025
Update: Sat Oct 11 01:03:34 UTC 2025
Update: Sat Oct 11 06:19:13 UTC 2025
Update: Sat Oct 11 12:25:49 UTC 2025
Update: Sat Oct 11 18:17:02 UTC 2025
Update: Sun Oct 12 01:09:38 UTC 2025
Update: Sun Oct 12 06:19:04 UTC 2025
Update: Sun Oct 12 12:26:13 UTC 2025
Update: Sun Oct 12 18:18:02 UTC 2025
Update: Mon Oct 13 01:11:00 UTC 2025
Update: Mon Oct 13 06:23:35 UTC 2025
Update: Mon Oct 13 12:30:10 UTC 2025
Update: Mon Oct 13 18:20:07 UTC 2025
Update: Tue Oct 14 01:06:09 UTC 2025
Update: Tue Oct 14 06:22:24 UTC 2025
Update: Tue Oct 14 12:31:36 UTC 2025
Update: Tue Oct 14 18:21:19 UTC 2025
Update: Wed Oct 15 01:07:54 UTC 2025
Update: Wed Oct 15 06:22:21 UTC 2025
Update: Wed Oct 15 12:31:34 UTC 2025
Update: Wed Oct 15 18:21:40 UTC 2025
Update: Thu Oct 16 01:07:45 UTC 2025
Update: Thu Oct 16 06:22:19 UTC 2025
Update: Thu Oct 16 12:31:54 UTC 2025
Update: Thu Oct 16 18:21:05 UTC 2025
Update: Fri Oct 17 01:07:17 UTC 2025
Update: Fri Oct 17 06:21:20 UTC 2025
Update: Fri Oct 17 12:29:44 UTC 2025
Update: Fri Oct 17 18:18:54 UTC 2025
Update: Sat Oct 18 01:04:07 UTC 2025
Update: Sat Oct 18 06:19:42 UTC 2025
Update: Sat Oct 18 12:26:40 UTC 2025
Update: Sat Oct 18 18:18:17 UTC 2025
Update: Sun Oct 19 01:15:15 UTC 2025
Update: Sun Oct 19 06:20:49 UTC 2025
Update: Sun Oct 19 12:26:43 UTC 2025
Update: Sun Oct 19 18:18:35 UTC 2025
Update: Mon Oct 20 01:13:00 UTC 2025
Update: Mon Oct 20 06:22:57 UTC 2025
Update: Mon Oct 20 12:31:18 UTC 2025
Update: Mon Oct 20 18:22:22 UTC 2025
Update: Tue Oct 21 01:09:50 UTC 2025
Update: Tue Oct 21 06:22:26 UTC 2025
Update: Tue Oct 21 12:31:28 UTC 2025
Update: Tue Oct 21 18:20:42 UTC 2025
Update: Wed Oct 22 01:10:50 UTC 2025
Update: Wed Oct 22 06:23:09 UTC 2025
Update: Wed Oct 22 12:31:32 UTC 2025
Update: Wed Oct 22 18:22:38 UTC 2025
Update: Thu Oct 23 01:08:41 UTC 2025
Update: Thu Oct 23 06:22:20 UTC 2025
Update: Thu Oct 23 12:31:35 UTC 2025
Update: Thu Oct 23 18:21:35 UTC 2025
Update: Fri Oct 24 01:05:03 UTC 2025
Update: Fri Oct 24 06:21:43 UTC 2025
Update: Fri Oct 24 12:31:59 UTC 2025
Update: Fri Oct 24 18:21:08 UTC 2025
Update: Sat Oct 25 01:06:37 UTC 2025
Update: Sat Oct 25 06:19:58 UTC 2025
Update: Sat Oct 25 12:26:33 UTC 2025
Update: Sat Oct 25 18:18:51 UTC 2025
Update: Sun Oct 26 01:13:37 UTC 2025
Update: Sun Oct 26 06:20:23 UTC 2025
Update: Sun Oct 26 12:27:07 UTC 2025
Update: Sun Oct 26 18:19:18 UTC 2025
Update: Mon Oct 27 01:14:58 UTC 2025
Update: Mon Oct 27 06:25:01 UTC 2025
Update: Mon Oct 27 12:31:43 UTC 2025
Update: Mon Oct 27 18:21:47 UTC 2025
Update: Tue Oct 28 01:07:19 UTC 2025
Update: Tue Oct 28 06:23:44 UTC 2025
Update: Tue Oct 28 12:30:24 UTC 2025
Update: Tue Oct 28 18:22:41 UTC 2025
Update: Wed Oct 29 01:12:40 UTC 2025
Update: Wed Oct 29 06:23:38 UTC 2025
Update: Wed Oct 29 12:32:14 UTC 2025
Update: Wed Oct 29 18:22:30 UTC 2025
Update: Thu Oct 30 01:12:04 UTC 2025
Update: Thu Oct 30 06:22:19 UTC 2025
Update: Thu Oct 30 12:30:49 UTC 2025
Update: Thu Oct 30 18:21:01 UTC 2025
Update: Fri Oct 31 01:09:57 UTC 2025
Update: Fri Oct 31 06:22:27 UTC 2025
Update: Fri Oct 31 12:30:49 UTC 2025
Update: Fri Oct 31 18:21:53 UTC 2025
Update: Sat Nov  1 01:13:46 UTC 2025
Update: Sat Nov  1 06:20:01 UTC 2025
Update: Sat Nov  1 12:27:06 UTC 2025
Update: Sat Nov  1 18:18:47 UTC 2025
Update: Sun Nov  2 01:14:25 UTC 2025
Update: Sun Nov  2 06:21:01 UTC 2025
Update: Sun Nov  2 12:26:03 UTC 2025
Update: Sun Nov  2 18:17:58 UTC 2025
Update: Mon Nov  3 01:13:29 UTC 2025
Update: Mon Nov  3 06:23:51 UTC 2025
Update: Mon Nov  3 12:32:13 UTC 2025
Update: Mon Nov  3 18:21:18 UTC 2025
Update: Tue Nov  4 01:10:34 UTC 2025
Update: Tue Nov  4 06:23:00 UTC 2025
Update: Tue Nov  4 12:33:23 UTC 2025
Update: Tue Nov  4 18:21:46 UTC 2025
Update: Wed Nov  5 01:11:48 UTC 2025
Update: Wed Nov  5 06:22:46 UTC 2025
Update: Wed Nov  5 12:31:47 UTC 2025
Update: Wed Nov  5 18:21:26 UTC 2025
Update: Thu Nov  6 01:11:09 UTC 2025
Update: Thu Nov  6 06:23:12 UTC 2025
Update: Thu Nov  6 12:31:17 UTC 2025
Update: Thu Nov  6 18:22:44 UTC 2025
Update: Fri Nov  7 01:10:43 UTC 2025
Update: Fri Nov  7 06:23:10 UTC 2025
Update: Fri Nov  7 12:30:20 UTC 2025
Update: Fri Nov  7 18:21:05 UTC 2025
Update: Sat Nov  8 01:07:01 UTC 2025
Update: Sat Nov  8 06:20:13 UTC 2025
Update: Sat Nov  8 12:26:46 UTC 2025
Update: Sat Nov  8 18:19:13 UTC 2025
Update: Sun Nov  9 01:14:08 UTC 2025
Update: Sun Nov  9 06:20:45 UTC 2025
Update: Sun Nov  9 12:27:10 UTC 2025
Update: Sun Nov  9 18:18:57 UTC 2025
Update: Mon Nov 10 01:13:58 UTC 2025
Update: Mon Nov 10 06:25:25 UTC 2025
Update: Mon Nov 10 12:31:26 UTC 2025
Update: Mon Nov 10 18:21:46 UTC 2025
Update: Tue Nov 11 01:11:50 UTC 2025
Update: Tue Nov 11 06:23:49 UTC 2025
Update: Tue Nov 11 12:31:19 UTC 2025
Update: Tue Nov 11 18:21:22 UTC 2025
Update: Wed Nov 12 01:11:24 UTC 2025
Update: Wed Nov 12 06:23:15 UTC 2025
Update: Wed Nov 12 12:31:55 UTC 2025
Update: Wed Nov 12 18:22:03 UTC 2025
Update: Thu Nov 13 01:11:50 UTC 2025
Update: Thu Nov 13 06:23:51 UTC 2025
Update: Thu Nov 13 12:32:25 UTC 2025
Update: Thu Nov 13 18:21:37 UTC 2025
Update: Fri Nov 14 01:11:21 UTC 2025
Update: Fri Nov 14 06:23:18 UTC 2025
Update: Fri Nov 14 12:31:21 UTC 2025
Update: Fri Nov 14 18:21:31 UTC 2025
Update: Sat Nov 15 01:09:30 UTC 2025
Update: Sat Nov 15 06:20:53 UTC 2025
Update: Sat Nov 15 12:27:37 UTC 2025
Update: Sat Nov 15 18:19:01 UTC 2025
Update: Sun Nov 16 01:16:07 UTC 2025
Update: Sun Nov 16 06:21:31 UTC 2025
Update: Sun Nov 16 12:27:02 UTC 2025
Update: Sun Nov 16 18:19:30 UTC 2025
Update: Mon Nov 17 01:12:13 UTC 2025
Update: Mon Nov 17 06:24:17 UTC 2025
Update: Mon Nov 17 12:31:34 UTC 2025
Update: Mon Nov 17 18:21:55 UTC 2025
Update: Tue Nov 18 01:11:25 UTC 2025
Update: Tue Nov 18 06:23:05 UTC 2025
Update: Tue Nov 18 12:31:53 UTC 2025
Update: Tue Nov 18 18:23:10 UTC 2025
Update: Wed Nov 19 01:10:57 UTC 2025
Update: Wed Nov 19 06:22:52 UTC 2025
Update: Wed Nov 19 12:32:04 UTC 2025
Update: Wed Nov 19 18:22:17 UTC 2025
Update: Thu Nov 20 01:10:03 UTC 2025
Update: Thu Nov 20 06:22:19 UTC 2025
Update: Thu Nov 20 12:31:02 UTC 2025
Update: Thu Nov 20 18:22:55 UTC 2025
Update: Fri Nov 21 01:10:21 UTC 2025
Update: Fri Nov 21 06:23:52 UTC 2025
Update: Fri Nov 21 12:30:05 UTC 2025
Update: Fri Nov 21 18:21:14 UTC 2025
Update: Sat Nov 22 01:08:01 UTC 2025
Update: Sat Nov 22 06:20:41 UTC 2025
Update: Sat Nov 22 12:26:59 UTC 2025
Update: Sat Nov 22 18:19:41 UTC 2025
Update: Sun Nov 23 01:20:31 UTC 2025
Update: Sun Nov 23 06:21:28 UTC 2025
Update: Sun Nov 23 12:26:43 UTC 2025
Update: Sun Nov 23 18:20:09 UTC 2025
Update: Mon Nov 24 01:15:55 UTC 2025
Update: Mon Nov 24 06:24:30 UTC 2025
Update: Mon Nov 24 12:32:23 UTC 2025
Update: Mon Nov 24 18:23:27 UTC 2025
Update: Tue Nov 25 01:11:06 UTC 2025
Update: Tue Nov 25 06:24:20 UTC 2025
Update: Tue Nov 25 12:32:37 UTC 2025
Update: Tue Nov 25 18:23:31 UTC 2025
Update: Wed Nov 26 01:11:43 UTC 2025
Update: Wed Nov 26 06:23:58 UTC 2025
Update: Wed Nov 26 12:32:53 UTC 2025
Update: Wed Nov 26 18:19:24 UTC 2025
Update: Thu Nov 27 01:10:32 UTC 2025
Update: Thu Nov 27 06:25:04 UTC 2025
Update: Thu Nov 27 12:32:34 UTC 2025
Update: Thu Nov 27 18:21:24 UTC 2025
Update: Fri Nov 28 01:09:39 UTC 2025
Update: Fri Nov 28 06:24:36 UTC 2025
Update: Fri Nov 28 12:31:34 UTC 2025
Update: Fri Nov 28 18:21:28 UTC 2025
Update: Sat Nov 29 01:09:54 UTC 2025
Update: Sat Nov 29 06:21:32 UTC 2025
Update: Sat Nov 29 12:28:33 UTC 2025
Update: Sat Nov 29 18:20:31 UTC 2025
Update: Sun Nov 30 01:19:59 UTC 2025
Update: Sun Nov 30 06:22:28 UTC 2025
Update: Sun Nov 30 12:28:36 UTC 2025
Update: Sun Nov 30 18:20:34 UTC 2025
Update: Mon Dec  1 01:24:25 UTC 2025
Update: Mon Dec  1 06:26:21 UTC 2025
Update: Mon Dec  1 12:32:53 UTC 2025
Update: Mon Dec  1 18:25:34 UTC 2025
Update: Tue Dec  2 01:13:08 UTC 2025
Update: Tue Dec  2 06:25:37 UTC 2025
Update: Tue Dec  2 12:34:00 UTC 2025
Update: Tue Dec  2 18:25:03 UTC 2025
Update: Wed Dec  3 01:13:39 UTC 2025
Update: Wed Dec  3 06:25:11 UTC 2025
Update: Wed Dec  3 12:33:40 UTC 2025
Update: Wed Dec  3 18:24:50 UTC 2025
Update: Thu Dec  4 01:13:20 UTC 2025
Update: Thu Dec  4 06:24:54 UTC 2025
Update: Thu Dec  4 12:34:39 UTC 2025
Update: Thu Dec  4 18:25:45 UTC 2025
Update: Fri Dec  5 01:13:30 UTC 2025
Update: Fri Dec  5 06:25:03 UTC 2025
Update: Fri Dec  5 12:32:38 UTC 2025
Update: Fri Dec  5 18:20:46 UTC 2025
Update: Sat Dec  6 01:09:54 UTC 2025
Update: Sat Dec  6 06:21:21 UTC 2025
Update: Sat Dec  6 12:28:59 UTC 2025
Update: Sat Dec  6 18:20:07 UTC 2025
Update: Sun Dec  7 01:20:16 UTC 2025
Update: Sun Dec  7 06:21:26 UTC 2025
Update: Sun Dec  7 12:28:16 UTC 2025
Update: Sun Dec  7 18:20:06 UTC 2025
Update: Mon Dec  8 01:13:51 UTC 2025
Update: Mon Dec  8 06:27:09 UTC 2025
Update: Mon Dec  8 12:32:44 UTC 2025
Update: Mon Dec  8 18:23:56 UTC 2025
Update: Tue Dec  9 01:13:06 UTC 2025
Update: Tue Dec  9 06:25:19 UTC 2025
Update: Tue Dec  9 12:33:35 UTC 2025
Update: Tue Dec  9 18:20:22 UTC 2025
Update: Wed Dec 10 01:15:01 UTC 2025
Update: Wed Dec 10 06:25:49 UTC 2025
Update: Wed Dec 10 12:33:40 UTC 2025
Update: Wed Dec 10 18:24:17 UTC 2025
Update: Thu Dec 11 01:15:42 UTC 2025
Update: Thu Dec 11 06:26:31 UTC 2025
Update: Thu Dec 11 12:34:45 UTC 2025
Update: Thu Dec 11 18:22:49 UTC 2025
Update: Fri Dec 12 01:15:28 UTC 2025
Update: Fri Dec 12 06:25:48 UTC 2025
Update: Fri Dec 12 12:33:25 UTC 2025
Update: Fri Dec 12 18:24:19 UTC 2025
Update: Sat Dec 13 01:11:08 UTC 2025
Update: Sat Dec 13 06:22:47 UTC 2025
Update: Sat Dec 13 12:29:33 UTC 2025
Update: Sat Dec 13 18:20:14 UTC 2025
Update: Sun Dec 14 01:20:37 UTC 2025
Update: Sun Dec 14 06:23:03 UTC 2025
Update: Sun Dec 14 12:29:38 UTC 2025
Update: Sun Dec 14 18:21:27 UTC 2025
Update: Mon Dec 15 01:17:48 UTC 2025
Update: Mon Dec 15 06:27:48 UTC 2025
Update: Mon Dec 15 12:36:39 UTC 2025
Update: Mon Dec 15 18:24:35 UTC 2025
Update: Tue Dec 16 01:16:21 UTC 2025
Update: Tue Dec 16 06:25:52 UTC 2025
Update: Tue Dec 16 12:34:30 UTC 2025
Update: Tue Dec 16 18:24:38 UTC 2025
Update: Wed Dec 17 01:11:17 UTC 2025
Update: Wed Dec 17 06:25:26 UTC 2025
Update: Wed Dec 17 12:34:38 UTC 2025
Update: Wed Dec 17 18:25:25 UTC 2025
Update: Thu Dec 18 01:12:18 UTC 2025
Update: Thu Dec 18 06:25:15 UTC 2025
Update: Thu Dec 18 12:33:19 UTC 2025
Update: Thu Dec 18 18:24:18 UTC 2025
Update: Fri Dec 19 01:15:39 UTC 2025
Update: Fri Dec 19 06:24:52 UTC 2025
Update: Fri Dec 19 12:31:50 UTC 2025
Update: Fri Dec 19 18:22:56 UTC 2025
Update: Sat Dec 20 01:11:45 UTC 2025
Update: Sat Dec 20 06:23:56 UTC 2025
Update: Sat Dec 20 12:29:14 UTC 2025
Update: Sat Dec 20 18:20:09 UTC 2025
Update: Sun Dec 21 01:20:27 UTC 2025
Update: Sun Dec 21 06:23:29 UTC 2025
Update: Sun Dec 21 12:29:28 UTC 2025
Update: Sun Dec 21 18:21:30 UTC 2025
Update: Mon Dec 22 01:18:53 UTC 2025
Update: Mon Dec 22 06:27:37 UTC 2025
Update: Mon Dec 22 12:33:21 UTC 2025
Update: Mon Dec 22 18:24:11 UTC 2025
Update: Tue Dec 23 01:15:35 UTC 2025
Update: Tue Dec 23 06:26:20 UTC 2025
Update: Tue Dec 23 12:34:04 UTC 2025
Update: Tue Dec 23 18:23:39 UTC 2025
Update: Wed Dec 24 01:14:48 UTC 2025
Update: Wed Dec 24 06:26:10 UTC 2025
Update: Wed Dec 24 12:33:16 UTC 2025
Update: Wed Dec 24 18:22:54 UTC 2025
Update: Thu Dec 25 01:15:22 UTC 2025
Update: Thu Dec 25 06:25:34 UTC 2025
Update: Thu Dec 25 12:32:23 UTC 2025
Update: Thu Dec 25 18:22:39 UTC 2025
Update: Fri Dec 26 01:15:37 UTC 2025
Update: Fri Dec 26 06:25:25 UTC 2025
Update: Fri Dec 26 12:32:17 UTC 2025
Update: Fri Dec 26 18:22:35 UTC 2025
Update: Sat Dec 27 01:13:55 UTC 2025
Update: Sat Dec 27 06:23:55 UTC 2025
Update: Sat Dec 27 12:30:19 UTC 2025
Update: Sat Dec 27 18:21:30 UTC 2025
Update: Sun Dec 28 01:24:10 UTC 2025
Update: Sun Dec 28 06:24:12 UTC 2025
Update: Sun Dec 28 12:30:45 UTC 2025
Update: Sun Dec 28 18:22:20 UTC 2025
Update: Mon Dec 29 01:21:43 UTC 2025
Update: Mon Dec 29 06:27:52 UTC 2025
Update: Mon Dec 29 12:34:52 UTC 2025
Update: Mon Dec 29 18:23:52 UTC 2025
Update: Tue Dec 30 01:16:00 UTC 2025
Update: Tue Dec 30 06:25:38 UTC 2025
Update: Tue Dec 30 12:34:22 UTC 2025
Update: Tue Dec 30 18:24:11 UTC 2025
Update: Wed Dec 31 01:17:17 UTC 2025
Update: Wed Dec 31 06:26:06 UTC 2025
Update: Wed Dec 31 12:32:55 UTC 2025
Update: Wed Dec 31 18:22:40 UTC 2025
Update: Thu Jan  1 01:23:56 UTC 2026
Update: Thu Jan  1 06:25:56 UTC 2026
Update: Thu Jan  1 12:33:18 UTC 2026
Update: Thu Jan  1 18:23:18 UTC 2026
Update: Fri Jan  2 01:17:56 UTC 2026
Update: Fri Jan  2 06:26:04 UTC 2026
Update: Fri Jan  2 12:31:38 UTC 2026
Update: Fri Jan  2 18:23:34 UTC 2026
Update: Sat Jan  3 01:12:54 UTC 2026
Update: Sat Jan  3 06:24:12 UTC 2026
Update: Sat Jan  3 12:30:11 UTC 2026
Update: Sat Jan  3 18:21:55 UTC 2026
Update: Sun Jan  4 01:24:52 UTC 2026
Update: Sun Jan  4 06:24:29 UTC 2026
Update: Sun Jan  4 12:31:00 UTC 2026
Update: Sun Jan  4 18:22:18 UTC 2026
Update: Mon Jan  5 01:23:43 UTC 2026
Update: Mon Jan  5 06:31:28 UTC 2026
Update: Mon Jan  5 12:36:30 UTC 2026
Update: Mon Jan  5 18:25:43 UTC 2026
Update: Tue Jan  6 01:17:26 UTC 2026
Update: Tue Jan  6 06:27:03 UTC 2026
Update: Tue Jan  6 12:35:09 UTC 2026
Update: Tue Jan  6 18:23:55 UTC 2026
Update: Wed Jan  7 01:17:44 UTC 2026
Update: Wed Jan  7 06:26:45 UTC 2026
Update: Wed Jan  7 12:35:48 UTC 2026
Update: Wed Jan  7 18:25:18 UTC 2026
Update: Thu Jan  8 01:18:13 UTC 2026
Update: Thu Jan  8 06:26:54 UTC 2026
Update: Thu Jan  8 12:35:29 UTC 2026
Update: Thu Jan  8 18:21:07 UTC 2026
Update: Fri Jan  9 01:18:24 UTC 2026
Update: Fri Jan  9 06:26:48 UTC 2026
Update: Fri Jan  9 12:34:40 UTC 2026
Update: Fri Jan  9 18:25:06 UTC 2026
Update: Sat Jan 10 01:15:29 UTC 2026
Update: Sat Jan 10 06:23:33 UTC 2026
Update: Sat Jan 10 12:30:36 UTC 2026
Update: Sat Jan 10 18:22:18 UTC 2026
Update: Sun Jan 11 01:24:39 UTC 2026
Update: Sun Jan 11 06:24:56 UTC 2026
Update: Sun Jan 11 12:31:12 UTC 2026
Update: Sun Jan 11 18:22:10 UTC 2026
Update: Mon Jan 12 01:21:19 UTC 2026
Update: Mon Jan 12 06:29:12 UTC 2026
Update: Mon Jan 12 12:36:40 UTC 2026
Update: Mon Jan 12 18:25:54 UTC 2026
Update: Tue Jan 13 01:14:36 UTC 2026
Update: Tue Jan 13 06:26:45 UTC 2026
Update: Tue Jan 13 12:36:41 UTC 2026
Update: Tue Jan 13 18:25:42 UTC 2026
Update: Wed Jan 14 01:20:44 UTC 2026
Update: Wed Jan 14 06:26:53 UTC 2026
Update: Wed Jan 14 12:35:56 UTC 2026
Update: Wed Jan 14 18:26:32 UTC 2026
Update: Thu Jan 15 01:16:16 UTC 2026
Update: Thu Jan 15 06:26:30 UTC 2026
Update: Thu Jan 15 12:35:43 UTC 2026
Update: Thu Jan 15 18:29:35 UTC 2026
Update: Fri Jan 16 01:18:33 UTC 2026
Update: Fri Jan 16 06:26:55 UTC 2026
Update: Fri Jan 16 12:33:51 UTC 2026
Update: Fri Jan 16 18:25:15 UTC 2026
Update: Sat Jan 17 01:14:58 UTC 2026
Update: Sat Jan 17 06:23:43 UTC 2026
Update: Sat Jan 17 12:30:24 UTC 2026
Update: Sat Jan 17 18:21:44 UTC 2026
Update: Sun Jan 18 01:23:45 UTC 2026
Update: Sun Jan 18 06:24:27 UTC 2026
Update: Sun Jan 18 12:30:27 UTC 2026
Update: Sun Jan 18 18:21:13 UTC 2026
Update: Mon Jan 19 01:22:11 UTC 2026
Update: Mon Jan 19 06:31:18 UTC 2026
Update: Mon Jan 19 12:38:47 UTC 2026
Update: Mon Jan 19 18:24:58 UTC 2026
Update: Tue Jan 20 01:17:36 UTC 2026
Update: Tue Jan 20 06:28:51 UTC 2026
Update: Tue Jan 20 12:38:41 UTC 2026
Update: Tue Jan 20 18:28:39 UTC 2026
Update: Wed Jan 21 01:20:10 UTC 2026
Update: Wed Jan 21 06:29:02 UTC 2026
Update: Wed Jan 21 12:38:38 UTC 2026
Update: Wed Jan 21 18:35:49 UTC 2026
Update: Thu Jan 22 01:20:29 UTC 2026
Update: Thu Jan 22 06:27:37 UTC 2026
Update: Thu Jan 22 12:38:00 UTC 2026
Update: Thu Jan 22 18:25:13 UTC 2026
Update: Fri Jan 23 01:18:19 UTC 2026
Update: Fri Jan 23 06:27:10 UTC 2026
Update: Fri Jan 23 12:36:29 UTC 2026
Update: Fri Jan 23 18:25:56 UTC 2026
Update: Sat Jan 24 01:16:15 UTC 2026
Update: Sat Jan 24 06:24:45 UTC 2026
Update: Sat Jan 24 12:31:12 UTC 2026
Update: Sat Jan 24 18:23:03 UTC 2026
Update: Sun Jan 25 01:25:48 UTC 2026
Update: Sun Jan 25 06:24:51 UTC 2026
Update: Sun Jan 25 12:32:42 UTC 2026
Update: Sun Jan 25 18:23:10 UTC 2026
Update: Mon Jan 26 01:24:25 UTC 2026
Update: Mon Jan 26 06:29:53 UTC 2026
Update: Mon Jan 26 12:36:59 UTC 2026
Update: Mon Jan 26 18:27:51 UTC 2026
Update: Tue Jan 27 01:23:37 UTC 2026
Update: Tue Jan 27 06:27:57 UTC 2026
Update: Tue Jan 27 12:37:46 UTC 2026
Update: Tue Jan 27 18:31:08 UTC 2026
Update: Wed Jan 28 01:19:33 UTC 2026
Update: Wed Jan 28 06:29:15 UTC 2026
Update: Wed Jan 28 12:38:28 UTC 2026
Update: Wed Jan 28 18:30:36 UTC 2026
Update: Thu Jan 29 01:40:29 UTC 2026
Update: Thu Jan 29 06:39:39 UTC 2026
Update: Thu Jan 29 12:44:47 UTC 2026
Update: Thu Jan 29 18:36:25 UTC 2026
Update: Fri Jan 30 01:29:00 UTC 2026
Update: Fri Jan 30 06:40:24 UTC 2026
Update: Fri Jan 30 12:42:19 UTC 2026
Update: Fri Jan 30 18:34:28 UTC 2026
Update: Sat Jan 31 01:26:19 UTC 2026
Update: Sat Jan 31 06:31:36 UTC 2026
Update: Sat Jan 31 12:35:57 UTC 2026
Update: Sat Jan 31 18:24:25 UTC 2026
Update: Sun Feb  1 01:53:46 UTC 2026
Update: Sun Feb  1 06:42:19 UTC 2026
Update: Sun Feb  1 12:37:49 UTC 2026
Update: Sun Feb  1 18:27:31 UTC 2026
Update: Mon Feb  2 01:46:44 UTC 2026
Update: Mon Feb  2 06:56:41 UTC 2026
Update: Mon Feb  2 12:46:49 UTC 2026
Update: Mon Feb  2 18:35:49 UTC 2026
Update: Tue Feb  3 01:46:05 UTC 2026
Update: Tue Feb  3 06:42:44 UTC 2026
Update: Tue Feb  3 12:47:43 UTC 2026
Update: Tue Feb  3 18:49:41 UTC 2026
Update: Wed Feb  4 01:29:19 UTC 2026
Update: Wed Feb  4 06:43:06 UTC 2026
Update: Wed Feb  4 12:47:03 UTC 2026
Update: Wed Feb  4 18:41:08 UTC 2026
Update: Thu Feb  5 01:42:22 UTC 2026
Update: Thu Feb  5 06:51:41 UTC 2026
Update: Thu Feb  5 12:51:20 UTC 2026
Update: Thu Feb  5 18:41:00 UTC 2026
Update: Fri Feb  6 01:41:52 UTC 2026
Update: Fri Feb  6 06:46:22 UTC 2026
Update: Fri Feb  6 12:47:36 UTC 2026
Update: Fri Feb  6 18:41:11 UTC 2026
Update: Sat Feb  7 01:28:21 UTC 2026
Update: Sat Feb  7 06:35:44 UTC 2026
Update: Sat Feb  7 12:36:19 UTC 2026
Update: Sat Feb  7 18:27:55 UTC 2026
Update: Sun Feb  8 02:05:16 UTC 2026
Update: Sun Feb  8 06:42:32 UTC 2026
Update: Sun Feb  8 12:37:50 UTC 2026
Update: Sun Feb  8 18:29:28 UTC 2026
Update: Mon Feb  9 01:48:45 UTC 2026
Update: Mon Feb  9 06:58:36 UTC 2026
Update: Mon Feb  9 12:57:44 UTC 2026
Update: Tue Feb 10 06:58:07 UTC 2026
Update: Tue Feb 10 13:00:52 UTC 2026
Update: Tue Feb 10 18:59:00 UTC 2026
Update: Wed Feb 11 01:55:16 UTC 2026
Update: Wed Feb 11 06:55:09 UTC 2026
Update: Wed Feb 11 12:57:42 UTC 2026
Update: Wed Feb 11 18:55:57 UTC 2026
Update: Thu Feb 12 01:48:28 UTC 2026
Update: Thu Feb 12 06:55:33 UTC 2026
Update: Thu Feb 12 12:56:01 UTC 2026
Update: Thu Feb 12 18:55:45 UTC 2026
Update: Fri Feb 13 01:50:50 UTC 2026
Update: Fri Feb 13 06:53:13 UTC 2026
Update: Fri Feb 13 12:45:52 UTC 2026
Update: Fri Feb 13 18:39:34 UTC 2026
Update: Sat Feb 14 01:41:26 UTC 2026
Update: Sat Feb 14 06:37:39 UTC 2026
Update: Sat Feb 14 12:36:35 UTC 2026
Update: Sat Feb 14 18:27:20 UTC 2026
Update: Sun Feb 15 01:50:19 UTC 2026
Update: Sun Feb 15 06:43:35 UTC 2026
Update: Sun Feb 15 12:38:53 UTC 2026
Update: Sun Feb 15 18:28:37 UTC 2026
Update: Mon Feb 16 01:46:09 UTC 2026
Update: Mon Feb 16 06:56:53 UTC 2026
Update: Mon Feb 16 12:52:25 UTC 2026
Update: Mon Feb 16 18:35:53 UTC 2026
Update: Tue Feb 17 01:44:51 UTC 2026
Update: Tue Feb 17 06:52:13 UTC 2026
Update: Tue Feb 17 12:52:37 UTC 2026
Update: Tue Feb 17 18:50:34 UTC 2026
Update: Wed Feb 18 01:47:49 UTC 2026
Update: Wed Feb 18 06:55:21 UTC 2026
Update: Wed Feb 18 12:53:12 UTC 2026
Update: Wed Feb 18 18:44:50 UTC 2026
Update: Thu Feb 19 01:47:24 UTC 2026
Update: Thu Feb 19 06:54:01 UTC 2026
Update: Thu Feb 19 12:54:02 UTC 2026
Update: Thu Feb 19 18:43:26 UTC 2026
Update: Fri Feb 20 01:43:02 UTC 2026
Update: Fri Feb 20 06:48:46 UTC 2026
Update: Fri Feb 20 12:46:01 UTC 2026
Update: Fri Feb 20 18:38:39 UTC 2026
Update: Sat Feb 21 01:28:52 UTC 2026
Update: Sat Feb 21 06:35:06 UTC 2026
Update: Sat Feb 21 12:35:58 UTC 2026
Update: Sat Feb 21 18:27:19 UTC 2026
Update: Sun Feb 22 01:45:47 UTC 2026
Update: Sun Feb 22 06:40:01 UTC 2026
Update: Sun Feb 22 12:37:31 UTC 2026
Update: Sun Feb 22 18:28:10 UTC 2026
Update: Mon Feb 23 01:46:56 UTC 2026
Update: Mon Feb 23 06:58:00 UTC 2026
Update: Mon Feb 23 12:53:03 UTC 2026
Update: Mon Feb 23 18:55:34 UTC 2026
Update: Tue Feb 24 01:44:16 UTC 2026
Update: Tue Feb 24 06:53:59 UTC 2026
Update: Tue Feb 24 12:54:17 UTC 2026
Update: Tue Feb 24 18:54:29 UTC 2026
Update: Wed Feb 25 01:46:46 UTC 2026
Update: Wed Feb 25 06:56:19 UTC 2026
Update: Wed Feb 25 12:53:34 UTC 2026
Update: Wed Feb 25 18:58:31 UTC 2026
Update: Thu Feb 26 01:43:00 UTC 2026
Update: Thu Feb 26 06:53:52 UTC 2026
Update: Thu Feb 26 12:54:16 UTC 2026
Update: Thu Feb 26 18:44:02 UTC 2026
Update: Fri Feb 27 01:41:35 UTC 2026
Update: Fri Feb 27 06:44:56 UTC 2026
Update: Fri Feb 27 12:45:48 UTC 2026
Update: Fri Feb 27 18:34:18 UTC 2026
Update: Sat Feb 28 01:23:34 UTC 2026
Update: Sat Feb 28 06:30:45 UTC 2026
Update: Sat Feb 28 12:34:55 UTC 2026
Update: Sat Feb 28 18:25:31 UTC 2026
Update: Sun Mar  1 01:52:03 UTC 2026
Update: Sun Mar  1 06:39:06 UTC 2026
Update: Sun Mar  1 12:36:59 UTC 2026
Update: Sun Mar  1 18:26:00 UTC 2026
Update: Mon Mar  2 01:44:00 UTC 2026
Update: Mon Mar  2 06:50:42 UTC 2026
Update: Mon Mar  2 12:44:18 UTC 2026
Update: Mon Mar  2 18:38:24 UTC 2026
Update: Tue Mar  3 01:46:23 UTC 2026
Update: Tue Mar  3 06:42:57 UTC 2026
Update: Tue Mar  3 12:42:24 UTC 2026
Update: Tue Mar  3 18:40:04 UTC 2026
Update: Wed Mar  4 01:40:54 UTC 2026
Update: Wed Mar  4 06:39:38 UTC 2026
Update: Wed Mar  4 12:43:12 UTC 2026
Update: Wed Mar  4 18:40:15 UTC 2026
Update: Thu Mar  5 01:43:38 UTC 2026
Update: Thu Mar  5 06:43:36 UTC 2026
Update: Thu Mar  5 12:48:50 UTC 2026
Update: Thu Mar  5 19:12:04 UTC 2026
Update: Fri Mar  6 01:45:24 UTC 2026
Update: Fri Mar  6 06:40:06 UTC 2026
Update: Fri Mar  6 12:41:49 UTC 2026
Update: Fri Mar  6 18:36:43 UTC 2026
Update: Sat Mar  7 01:26:58 UTC 2026
Update: Sat Mar  7 06:33:09 UTC 2026
Update: Sat Mar  7 12:35:42 UTC 2026
Update: Sat Mar  7 18:26:02 UTC 2026
Update: Sun Mar  8 01:44:16 UTC 2026
Update: Sun Mar  8 06:35:55 UTC 2026
Update: Sun Mar  8 12:37:21 UTC 2026
Update: Sun Mar  8 18:26:20 UTC 2026
Update: Mon Mar  9 01:45:39 UTC 2026
Update: Mon Mar  9 06:55:14 UTC 2026
Update: Mon Mar  9 12:51:42 UTC 2026
Update: Mon Mar  9 18:43:36 UTC 2026
Update: Tue Mar 10 01:27:29 UTC 2026
Update: Tue Mar 10 06:40:53 UTC 2026
Update: Tue Mar 10 12:49:57 UTC 2026
Update: Tue Mar 10 18:39:59 UTC 2026
Update: Wed Mar 11 01:27:37 UTC 2026
Update: Wed Mar 11 06:44:10 UTC 2026
Update: Wed Mar 11 12:48:00 UTC 2026
Update: Wed Mar 11 18:47:11 UTC 2026
Update: Thu Mar 12 01:27:19 UTC 2026
Update: Thu Mar 12 06:47:12 UTC 2026
Update: Thu Mar 12 12:47:08 UTC 2026
Update: Thu Mar 12 18:44:47 UTC 2026
Update: Fri Mar 13 01:42:49 UTC 2026
Update: Fri Mar 13 06:43:52 UTC 2026
Update: Fri Mar 13 12:45:02 UTC 2026
Update: Fri Mar 13 18:33:58 UTC 2026
Update: Sat Mar 14 01:40:25 UTC 2026
Update: Sat Mar 14 06:38:40 UTC 2026
Update: Sat Mar 14 12:39:02 UTC 2026
Update: Sat Mar 14 18:30:00 UTC 2026
Update: Sun Mar 15 01:55:32 UTC 2026
Update: Sun Mar 15 06:50:03 UTC 2026
Update: Sun Mar 15 12:39:46 UTC 2026
Update: Sun Mar 15 18:31:22 UTC 2026
Update: Mon Mar 16 01:57:12 UTC 2026
Update: Mon Mar 16 07:09:16 UTC 2026
Update: Mon Mar 16 12:59:01 UTC 2026
Update: Mon Mar 16 18:54:41 UTC 2026
Update: Tue Mar 17 01:44:55 UTC 2026
Update: Tue Mar 17 06:57:40 UTC 2026
Update: Tue Mar 17 13:00:01 UTC 2026
Update: Tue Mar 17 18:54:34 UTC 2026
Update: Wed Mar 18 01:49:33 UTC 2026
Update: Wed Mar 18 06:55:48 UTC 2026
Update: Wed Mar 18 12:59:00 UTC 2026
Update: Wed Mar 18 18:52:50 UTC 2026
Update: Thu Mar 19 01:49:58 UTC 2026
Update: Thu Mar 19 06:52:00 UTC 2026
Update: Thu Mar 19 12:53:09 UTC 2026
Update: Thu Mar 19 18:50:28 UTC 2026
Update: Fri Mar 20 01:44:38 UTC 2026
Update: Fri Mar 20 06:47:33 UTC 2026
Update: Fri Mar 20 12:48:29 UTC 2026
Update: Fri Mar 20 18:40:01 UTC 2026
Update: Sat Mar 21 01:27:43 UTC 2026
Update: Sat Mar 21 06:35:56 UTC 2026
Update: Sat Mar 21 12:37:04 UTC 2026
Update: Sat Mar 21 18:28:56 UTC 2026
Update: Sun Mar 22 01:49:28 UTC 2026
Update: Sun Mar 22 06:43:11 UTC 2026
Update: Sun Mar 22 12:39:14 UTC 2026
Update: Sun Mar 22 18:29:24 UTC 2026
Update: Mon Mar 23 01:50:42 UTC 2026
Update: Mon Mar 23 07:03:07 UTC 2026
Update: Mon Mar 23 12:55:23 UTC 2026
Update: Mon Mar 23 18:45:07 UTC 2026
Update: Tue Mar 24 01:42:50 UTC 2026
Update: Tue Mar 24 06:57:41 UTC 2026
Update: Tue Mar 24 12:59:49 UTC 2026
Update: Tue Mar 24 18:55:35 UTC 2026
Update: Wed Mar 25 01:48:42 UTC 2026
Update: Wed Mar 25 06:56:35 UTC 2026
Update: Wed Mar 25 12:57:27 UTC 2026
Update: Wed Mar 25 18:49:42 UTC 2026
Update: Thu Mar 26 01:54:41 UTC 2026
Update: Thu Mar 26 07:01:41 UTC 2026
Update: Thu Mar 26 13:02:31 UTC 2026
Update: Thu Mar 26 18:58:20 UTC 2026
Update: Fri Mar 27 01:54:35 UTC 2026
Update: Fri Mar 27 07:00:26 UTC 2026
Update: Fri Mar 27 12:54:21 UTC 2026
Update: Fri Mar 27 18:49:10 UTC 2026
Update: Sat Mar 28 01:46:44 UTC 2026
Update: Sat Mar 28 06:52:09 UTC 2026
Update: Sat Mar 28 12:42:04 UTC 2026
Update: Sat Mar 28 18:32:49 UTC 2026
Update: Sun Mar 29 01:57:48 UTC 2026
Update: Sun Mar 29 06:56:48 UTC 2026
Update: Sun Mar 29 12:42:35 UTC 2026
Update: Sun Mar 29 18:34:20 UTC 2026
Update: Mon Mar 30 02:02:00 UTC 2026
Update: Mon Mar 30 07:21:57 UTC 2026
Update: Mon Mar 30 13:06:44 UTC 2026
Update: Mon Mar 30 18:52:35 UTC 2026
Update: Tue Mar 31 01:55:48 UTC 2026
Update: Tue Mar 31 07:05:38 UTC 2026
Update: Tue Mar 31 13:05:42 UTC 2026
Update: Tue Mar 31 18:54:51 UTC 2026
Update: Wed Apr  1 02:04:44 UTC 2026
Update: Wed Apr  1 07:13:01 UTC 2026
Update: Wed Apr  1 13:09:05 UTC 2026
Update: Wed Apr  1 18:54:04 UTC 2026
Update: Thu Apr  2 01:52:21 UTC 2026
Update: Thu Apr  2 13:00:44 UTC 2026
Update: Thu Apr  2 18:50:05 UTC 2026
Update: Fri Apr  3 01:53:53 UTC 2026
Update: Fri Apr  3 07:01:37 UTC 2026
Update: Fri Apr  3 12:53:15 UTC 2026
Update: Fri Apr  3 18:38:46 UTC 2026
Update: Sat Apr  4 01:47:07 UTC 2026
Update: Sat Apr  4 06:54:02 UTC 2026
Update: Sat Apr  4 12:42:30 UTC 2026
Update: Sat Apr  4 18:34:23 UTC 2026
Update: Sun Apr  5 01:59:37 UTC 2026
Update: Sun Apr  5 06:58:35 UTC 2026
Update: Sun Apr  5 12:44:58 UTC 2026
Update: Sun Apr  5 18:35:40 UTC 2026
Update: Mon Apr  6 02:00:46 UTC 2026
Update: Mon Apr  6 07:22:10 UTC 2026
Update: Mon Apr  6 12:58:51 UTC 2026
Update: Mon Apr  6 18:50:51 UTC 2026
Update: Tue Apr  7 01:56:54 UTC 2026
Update: Tue Apr  7 07:08:18 UTC 2026
Update: Tue Apr  7 13:08:10 UTC 2026
Update: Tue Apr  7 18:56:19 UTC 2026
Update: Wed Apr  8 01:57:48 UTC 2026
Update: Wed Apr  8 07:10:50 UTC 2026
Update: Wed Apr  8 13:09:58 UTC 2026
Update: Wed Apr  8 19:08:04 UTC 2026
Update: Thu Apr  9 01:49:38 UTC 2026
Update: Thu Apr  9 07:14:42 UTC 2026
Update: Thu Apr  9 13:14:10 UTC 2026
Update: Thu Apr  9 18:56:27 UTC 2026
Update: Fri Apr 10 02:02:47 UTC 2026
Update: Fri Apr 10 07:19:37 UTC 2026
Update: Fri Apr 10 12:58:48 UTC 2026
Update: Fri Apr 10 18:43:03 UTC 2026
Update: Sat Apr 11 01:51:18 UTC 2026
Update: Sat Apr 11 06:54:47 UTC 2026
Update: Sat Apr 11 12:44:18 UTC 2026
Update: Sat Apr 11 18:36:36 UTC 2026
Update: Sun Apr 12 02:04:10 UTC 2026
Update: Sun Apr 12 07:07:03 UTC 2026
Update: Sun Apr 12 12:51:25 UTC 2026
Update: Sun Apr 12 18:39:11 UTC 2026
Update: Mon Apr 13 02:08:30 UTC 2026
Update: Mon Apr 13 07:54:35 UTC 2026
Update: Mon Apr 13 13:14:44 UTC 2026
Update: Mon Apr 13 19:07:00 UTC 2026
Update: Tue Apr 14 02:03:34 UTC 2026
Update: Tue Apr 14 07:22:52 UTC 2026
Update: Tue Apr 14 13:15:17 UTC 2026
Update: Tue Apr 14 19:05:40 UTC 2026
Update: Wed Apr 15 02:00:18 UTC 2026
Update: Wed Apr 15 07:23:07 UTC 2026
Update: Wed Apr 15 13:13:38 UTC 2026
Update: Wed Apr 15 19:08:22 UTC 2026
Update: Thu Apr 16 02:08:10 UTC 2026
Update: Thu Apr 16 07:23:58 UTC 2026
Update: Thu Apr 16 13:19:35 UTC 2026
Update: Thu Apr 16 19:04:50 UTC 2026
Update: Fri Apr 17 02:04:07 UTC 2026
Update: Fri Apr 17 07:24:39 UTC 2026
Update: Fri Apr 17 13:07:18 UTC 2026
Update: Fri Apr 17 18:52:43 UTC 2026
Update: Sat Apr 18 01:55:06 UTC 2026
Update: Sat Apr 18 07:00:30 UTC 2026
Update: Sat Apr 18 12:51:49 UTC 2026
Update: Sat Apr 18 18:39:44 UTC 2026
Update: Sun Apr 19 02:08:26 UTC 2026
Update: Sun Apr 19 07:11:35 UTC 2026
Update: Sun Apr 19 12:51:09 UTC 2026
Update: Sun Apr 19 18:40:07 UTC 2026
Update: Mon Apr 20 02:08:57 UTC 2026
Update: Mon Apr 20 07:58:05 UTC 2026
Update: Mon Apr 20 13:19:12 UTC 2026
Update: Mon Apr 20 18:57:08 UTC 2026
Update: Tue Apr 21 02:04:57 UTC 2026
Update: Tue Apr 21 07:27:01 UTC 2026
Update: Tue Apr 21 13:13:25 UTC 2026
Update: Tue Apr 21 19:04:15 UTC 2026
Update: Wed Apr 22 02:03:27 UTC 2026
Update: Wed Apr 22 07:24:48 UTC 2026
Update: Wed Apr 22 13:15:19 UTC 2026
Update: Wed Apr 22 19:05:33 UTC 2026
Update: Thu Apr 23 02:07:02 UTC 2026
Update: Thu Apr 23 07:28:43 UTC 2026
Update: Thu Apr 23 13:15:11 UTC 2026
Update: Thu Apr 23 19:00:50 UTC 2026
Update: Fri Apr 24 02:07:33 UTC 2026
Update: Fri Apr 24 07:53:50 UTC 2026
Update: Fri Apr 24 13:11:40 UTC 2026
Update: Fri Apr 24 18:41:07 UTC 2026
Update: Sat Apr 25 01:57:42 UTC 2026
Update: Sat Apr 25 07:07:00 UTC 2026
Update: Sat Apr 25 12:52:53 UTC 2026
Update: Sat Apr 25 18:41:41 UTC 2026
Update: Sun Apr 26 02:11:20 UTC 2026
Update: Sun Apr 26 07:21:21 UTC 2026
Update: Sun Apr 26 12:55:03 UTC 2026
Update: Sun Apr 26 18:42:34 UTC 2026
Update: Mon Apr 27 02:13:40 UTC 2026
Update: Mon Apr 27 08:12:35 UTC 2026
Update: Mon Apr 27 13:27:37 UTC 2026
Update: Mon Apr 27 19:10:33 UTC 2026
Update: Tue Apr 28 02:29:04 UTC 2026
Update: Tue Apr 28 08:14:36 UTC 2026
Update: Tue Apr 28 19:25:46 UTC 2026
Update: Wed Apr 29 02:29:25 UTC 2026
Update: Wed Apr 29 08:07:20 UTC 2026
Update: Wed Apr 29 13:44:20 UTC 2026
Update: Wed Apr 29 19:16:22 UTC 2026
Update: Thu Apr 30 02:30:25 UTC 2026
Update: Thu Apr 30 08:11:33 UTC 2026
Update: Thu Apr 30 13:43:38 UTC 2026
Update: Thu Apr 30 19:11:46 UTC 2026
Update: Fri May  1 02:35:43 UTC 2026
Update: Fri May  1 08:05:55 UTC 2026
Update: Fri May  1 13:08:22 UTC 2026
Update: Fri May  1 19:04:08 UTC 2026
Update: Sat May  2 02:11:31 UTC 2026
Update: Sat May  2 07:24:26 UTC 2026
Update: Sat May  2 12:58:26 UTC 2026
Update: Sat May  2 18:51:24 UTC 2026
Update: Sun May  3 02:27:37 UTC 2026
Update: Sun May  3 07:54:30 UTC 2026
Update: Sun May  3 12:57:49 UTC 2026
Update: Sun May  3 18:51:35 UTC 2026
Update: Mon May  4 02:26:15 UTC 2026
Update: Mon May  4 08:22:46 UTC 2026
Update: Mon May  4 13:46:24 UTC 2026
Update: Mon May  4 19:21:24 UTC 2026
Update: Tue May  5 02:21:41 UTC 2026
Update: Tue May  5 08:00:45 UTC 2026
Update: Tue May  5 19:11:42 UTC 2026
Update: Wed May  6 02:24:49 UTC 2026
Update: Wed May  6 13:54:26 UTC 2026
Update: Wed May  6 19:28:57 UTC 2026
Update: Thu May  7 02:26:58 UTC 2026
Update: Thu May  7 08:25:48 UTC 2026
Update: Thu May  7 13:53:02 UTC 2026
Update: Thu May  7 19:37:32 UTC 2026
Update: Fri May  8 02:34:14 UTC 2026
Update: Fri May  8 07:21:41 UTC 2026
Update: Fri May  8 13:20:20 UTC 2026
Update: Fri May  8 19:09:05 UTC 2026
Update: Sat May  9 02:27:23 UTC 2026
Update: Sat May  9 07:48:40 UTC 2026
Update: Sat May  9 13:04:33 UTC 2026
Update: Sat May  9 18:52:42 UTC 2026
Update: Sun May 10 02:30:30 UTC 2026
Update: Sun May 10 08:01:40 UTC 2026
Update: Sun May 10 13:06:03 UTC 2026
Update: Sun May 10 18:53:57 UTC 2026
Update: Mon May 11 02:39:50 UTC 2026
Update: Mon May 11 09:30:31 UTC 2026
Update: Mon May 11 14:37:06 UTC 2026
Update: Mon May 11 19:40:15 UTC 2026
Update: Tue May 12 02:32:56 UTC 2026
Update: Tue May 12 08:31:55 UTC 2026
Update: Tue May 12 14:08:33 UTC 2026
Update: Tue May 12 19:42:51 UTC 2026
Update: Wed May 13 02:39:15 UTC 2026
Update: Wed May 13 08:37:25 UTC 2026
Update: Wed May 13 14:20:04 UTC 2026
Update: Wed May 13 19:47:06 UTC 2026
Update: Thu May 14 02:39:51 UTC 2026
Update: Thu May 14 08:31:00 UTC 2026
Update: Thu May 14 13:56:52 UTC 2026
Update: Thu May 14 19:39:27 UTC 2026
Update: Fri May 15 02:40:28 UTC 2026
Update: Fri May 15 08:42:54 UTC 2026
Update: Fri May 15 13:53:58 UTC 2026
Update: Fri May 15 19:23:39 UTC 2026
Update: Sat May 16 02:30:07 UTC 2026
Update: Sat May 16 07:56:27 UTC 2026
Update: Sat May 16 13:10:44 UTC 2026
Update: Sat May 16 18:57:03 UTC 2026
Update: Sun May 17 02:37:40 UTC 2026
Update: Sun May 17 08:14:07 UTC 2026
Update: Sun May 17 13:07:53 UTC 2026
Update: Sun May 17 19:00:25 UTC 2026
Update: Mon May 18 02:47:57 UTC 2026
Update: Mon May 18 09:51:10 UTC 2026
Update: Mon May 18 15:17:24 UTC 2026
Update: Mon May 18 19:39:02 UTC 2026
Update: Tue May 19 02:45:01 UTC 2026
Update: Tue May 19 09:32:52 UTC 2026
Update: Tue May 19 14:48:12 UTC 2026
Update: Tue May 19 19:46:11 UTC 2026
Update: Wed May 20 02:45:42 UTC 2026
Update: Wed May 20 08:58:04 UTC 2026
Update: Wed May 20 14:49:25 UTC 2026
Update: Wed May 20 20:06:48 UTC 2026
Update: Thu May 21 02:48:24 UTC 2026
Update: Thu May 21 09:29:33 UTC 2026
Update: Thu May 21 14:53:15 UTC 2026
Update: Thu May 21 19:46:32 UTC 2026
Update: Fri May 22 02:49:04 UTC 2026
Update: Fri May 22 08:53:29 UTC 2026
Update: Fri May 22 14:27:02 UTC 2026
Update: Fri May 22 19:27:08 UTC 2026
Update: Sat May 23 02:34:01 UTC 2026
Update: Sat May 23 08:10:24 UTC 2026
Update: Sat May 23 13:13:05 UTC 2026
Update: Sat May 23 19:02:04 UTC 2026
Update: Sun May 24 02:45:10 UTC 2026
Update: Sun May 24 08:22:08 UTC 2026
Update: Sun May 24 13:13:25 UTC 2026
Update: Sun May 24 19:09:11 UTC 2026
Update: Mon May 25 02:53:58 UTC 2026
Update: Mon May 25 09:55:47 UTC 2026
Update: Mon May 25 14:43:38 UTC 2026
Update: Mon May 25 19:20:59 UTC 2026
Update: Tue May 26 02:41:48 UTC 2026
Update: Tue May 26 09:41:45 UTC 2026
Update: Tue May 26 14:55:18 UTC 2026
Update: Tue May 26 20:01:29 UTC 2026
Update: Wed May 27 02:52:36 UTC 2026
Update: Wed May 27 09:35:28 UTC 2026
Update: Wed May 27 15:24:38 UTC 2026
Update: Wed May 27 20:07:07 UTC 2026
Update: Thu May 28 02:40:19 UTC 2026
Update: Thu May 28 09:52:20 UTC 2026
Update: Thu May 28 15:37:29 UTC 2026
Update: Thu May 28 20:11:12 UTC 2026
Update: Fri May 29 02:43:30 UTC 2026
Update: Fri May 29 09:42:50 UTC 2026
Update: Fri May 29 14:50:46 UTC 2026
Update: Fri May 29 20:12:20 UTC 2026
Update: Sat May 30 02:37:34 UTC 2026
Update: Sat May 30 08:21:29 UTC 2026
Update: Sat May 30 13:17:01 UTC 2026
Update: Sat May 30 19:04:53 UTC 2026
Update: Sun May 31 02:54:19 UTC 2026
Update: Sun May 31 08:37:57 UTC 2026
Update: Sun May 31 13:25:17 UTC 2026
Update: Sun May 31 19:07:23 UTC 2026
Update: Mon Jun  1 03:30:43 UTC 2026
Update: Mon Jun  1 11:21:22 UTC 2026
Update: Mon Jun  1 17:26:58 UTC 2026
Update: Mon Jun  1 21:25:21 UTC 2026
Update: Tue Jun  2 03:27:50 UTC 2026
Update: Tue Jun  2 10:12:34 UTC 2026
Update: Tue Jun  2 16:11:42 UTC 2026
Update: Tue Jun  2 20:39:22 UTC 2026
Update: Wed Jun  3 03:35:27 UTC 2026
Update: Wed Jun  3 10:48:22 UTC 2026
Update: Wed Jun  3 16:27:03 UTC 2026
Update: Wed Jun  3 20:50:02 UTC 2026
Update: Thu Jun  4 03:30:47 UTC 2026
Update: Thu Jun  4 09:48:14 UTC 2026
Update: Thu Jun  4 14:45:55 UTC 2026
Update: Thu Jun  4 19:57:39 UTC 2026
Update: Fri Jun  5 02:52:43 UTC 2026
Update: Fri Jun  5 09:36:39 UTC 2026
Update: Fri Jun  5 14:36:42 UTC 2026
Update: Fri Jun  5 19:46:44 UTC 2026
Update: Sat Jun  6 02:39:54 UTC 2026
Update: Sat Jun  6 08:27:17 UTC 2026
Update: Sat Jun  6 13:20:11 UTC 2026
Update: Sat Jun  6 19:12:46 UTC 2026
Update: Sun Jun  7 02:58:09 UTC 2026
Update: Sun Jun  7 08:48:30 UTC 2026
Update: Sun Jun  7 13:40:47 UTC 2026
Update: Sun Jun  7 19:13:35 UTC 2026
Update: Mon Jun  8 03:27:52 UTC 2026
Update: Mon Jun  8 10:26:07 UTC 2026
Update: Mon Jun  8 15:38:15 UTC 2026
Update: Mon Jun  8 20:06:25 UTC 2026
Update: Tue Jun  9 02:38:40 UTC 2026
Update: Tue Jun  9 09:31:26 UTC 2026
Update: Tue Jun  9 14:36:47 UTC 2026
Update: Tue Jun  9 20:01:09 UTC 2026
Update: Wed Jun 10 02:52:16 UTC 2026
Update: Wed Jun 10 09:47:54 UTC 2026
Update: Wed Jun 10 15:20:49 UTC 2026
Update: Wed Jun 10 20:21:54 UTC 2026
Update: Thu Jun 11 03:24:51 UTC 2026
Update: Thu Jun 11 10:13:57 UTC 2026
Update: Thu Jun 11 15:45:02 UTC 2026
Update: Thu Jun 11 20:13:14 UTC 2026
Update: Fri Jun 12 03:24:28 UTC 2026
Update: Fri Jun 12 10:01:51 UTC 2026
Update: Fri Jun 12 14:46:42 UTC 2026
Update: Fri Jun 12 20:02:16 UTC 2026
Update: Sat Jun 13 02:51:35 UTC 2026
Update: Sat Jun 13 08:50:50 UTC 2026
Update: Sat Jun 13 13:47:28 UTC 2026
Update: Sat Jun 13 19:16:37 UTC 2026
Update: Sun Jun 14 03:28:30 UTC 2026
Update: Sun Jun 14 09:24:30 UTC 2026
Update: Sun Jun 14 13:50:19 UTC 2026
Update: Sun Jun 14 19:17:24 UTC 2026
Update: Mon Jun 15 03:38:20 UTC 2026
Update: Mon Jun 15 11:53:09 UTC 2026
Update: Mon Jun 15 17:06:50 UTC 2026
Update: Mon Jun 15 20:49:16 UTC 2026
Update: Tue Jun 16 03:34:08 UTC 2026
Update: Tue Jun 16 11:01:05 UTC 2026
Update: Tue Jun 16 16:40:03 UTC 2026
Update: Tue Jun 16 20:43:02 UTC 2026
Update: Wed Jun 17 03:32:12 UTC 2026
Update: Wed Jun 17 10:45:07 UTC 2026
Update: Wed Jun 17 15:13:42 UTC 2026
Update: Wed Jun 17 20:05:47 UTC 2026
Update: Thu Jun 18 03:24:03 UTC 2026
Update: Thu Jun 18 10:12:59 UTC 2026
Update: Thu Jun 18 14:55:41 UTC 2026
Update: Thu Jun 18 20:17:28 UTC 2026
Update: Fri Jun 19 03:47:05 UTC 2026
Update: Fri Jun 19 10:17:42 UTC 2026
Update: Fri Jun 19 14:52:17 UTC 2026
Update: Fri Jun 19 19:41:16 UTC 2026
Update: Sat Jun 20 02:50:18 UTC 2026
Update: Sat Jun 20 08:46:18 UTC 2026
Update: Sat Jun 20 13:49:19 UTC 2026
Update: Sat Jun 20 19:16:27 UTC 2026
Update: Sun Jun 21 03:34:31 UTC 2026
Update: Sun Jun 21 09:41:09 UTC 2026
Update: Sun Jun 21 13:57:05 UTC 2026
Update: Sun Jun 21 19:22:16 UTC 2026
Update: Mon Jun 22 03:38:46 UTC 2026
Update: Mon Jun 22 11:42:42 UTC 2026
Update: Mon Jun 22 16:44:31 UTC 2026
Update: Mon Jun 22 20:37:37 UTC 2026
Update: Tue Jun 23 02:44:04 UTC 2026
Update: Tue Jun 23 09:28:36 UTC 2026
Update: Tue Jun 23 14:36:32 UTC 2026
Update: Tue Jun 23 19:53:17 UTC 2026
Update: Wed Jun 24 02:44:38 UTC 2026
Update: Wed Jun 24 08:57:47 UTC 2026
Update: Wed Jun 24 14:14:54 UTC 2026
Update: Wed Jun 24 19:38:06 UTC 2026
Update: Thu Jun 25 02:45:10 UTC 2026
Update: Thu Jun 25 08:52:12 UTC 2026
Update: Thu Jun 25 14:14:12 UTC 2026
Update: Thu Jun 25 19:50:42 UTC 2026
Update: Fri Jun 26 02:49:23 UTC 2026
Update: Fri Jun 26 08:55:06 UTC 2026
Update: Fri Jun 26 14:12:04 UTC 2026
Update: Fri Jun 26 19:40:28 UTC 2026
Update: Sat Jun 27 02:40:05 UTC 2026
Update: Sat Jun 27 08:29:35 UTC 2026
Update: Sat Jun 27 13:21:12 UTC 2026
Update: Sat Jun 27 19:12:13 UTC 2026
Update: Sun Jun 28 02:54:54 UTC 2026
Update: Sun Jun 28 08:44:33 UTC 2026
Update: Sun Jun 28 13:25:03 UTC 2026
Update: Sun Jun 28 19:10:35 UTC 2026
Update: Mon Jun 29 02:55:24 UTC 2026
Update: Mon Jun 29 10:46:04 UTC 2026
Update: Mon Jun 29 15:36:53 UTC 2026
Update: Mon Jun 29 19:49:06 UTC 2026
Update: Tue Jun 30 02:50:10 UTC 2026
Update: Tue Jun 30 09:23:54 UTC 2026
Update: Tue Jun 30 14:06:41 UTC 2026
Update: Tue Jun 30 19:46:42 UTC 2026
Update: Wed Jul  1 02:54:38 UTC 2026
Update: Wed Jul  1 09:36:14 UTC 2026
Update: Wed Jul  1 14:22:56 UTC 2026
Update: Wed Jul  1 19:45:07 UTC 2026
Update: Thu Jul  2 02:44:44 UTC 2026
Update: Thu Jul  2 08:47:51 UTC 2026
Update: Thu Jul  2 13:46:20 UTC 2026
Update: Thu Jul  2 19:15:52 UTC 2026
Update: Fri Jul  3 02:27:18 UTC 2026
Update: Fri Jul  3 08:54:16 UTC 2026
Update: Fri Jul  3 13:51:09 UTC 2026
Update: Fri Jul  3 19:10:53 UTC 2026
Update: Sat Jul  4 02:25:26 UTC 2026
Update: Sat Jul  4 08:28:57 UTC 2026
Update: Sat Jul  4 13:11:39 UTC 2026
Update: Sat Jul  4 19:01:48 UTC 2026
Update: Sun Jul  5 02:34:44 UTC 2026
Update: Sun Jul  5 08:45:04 UTC 2026
Update: Sun Jul  5 13:19:48 UTC 2026
Update: Sun Jul  5 19:08:04 UTC 2026
Update: Mon Jul  6 02:39:18 UTC 2026
Update: Mon Jul  6 10:06:15 UTC 2026
Update: Mon Jul  6 15:19:38 UTC 2026
Update: Mon Jul  6 19:48:06 UTC 2026
Update: Tue Jul  7 02:35:25 UTC 2026
Update: Tue Jul  7 09:31:25 UTC 2026
Update: Tue Jul  7 14:17:55 UTC 2026
Update: Tue Jul  7 19:46:44 UTC 2026
Update: Wed Jul  8 02:08:51 UTC 2026
Update: Wed Jul  8 08:16:50 UTC 2026
Update: Wed Jul  8 13:50:00 UTC 2026
Update: Wed Jul  8 19:15:58 UTC 2026
Update: Thu Jul  9 02:27:22 UTC 2026
Update: Thu Jul  9 09:38:35 UTC 2026
Update: Thu Jul  9 14:44:55 UTC 2026
Update: Thu Jul  9 19:35:53 UTC 2026
Update: Fri Jul 10 02:28:58 UTC 2026
Update: Fri Jul 10 09:24:43 UTC 2026
Update: Fri Jul 10 14:09:20 UTC 2026
Update: Fri Jul 10 19:19:47 UTC 2026
Update: Sat Jul 11 02:06:30 UTC 2026
Update: Sat Jul 11 07:45:59 UTC 2026
Update: Sat Jul 11 13:05:28 UTC 2026
Update: Sat Jul 11 18:53:09 UTC 2026
Update: Sun Jul 12 02:10:16 UTC 2026
Update: Sun Jul 12 08:07:14 UTC 2026
Update: Sun Jul 12 13:06:33 UTC 2026
Update: Sun Jul 12 18:57:23 UTC 2026
Update: Mon Jul 13 02:12:00 UTC 2026
Update: Mon Jul 13 08:57:18 UTC 2026
Update: Mon Jul 13 14:20:36 UTC 2026
Update: Mon Jul 13 19:17:01 UTC 2026
Update: Tue Jul 14 01:57:46 UTC 2026
Update: Tue Jul 14 07:52:40 UTC 2026
Update: Tue Jul 14 13:20:40 UTC 2026
Update: Tue Jul 14 19:09:50 UTC 2026
Update: Wed Jul 15 01:54:16 UTC 2026
Update: Wed Jul 15 07:57:13 UTC 2026
Update: Wed Jul 15 13:23:52 UTC 2026
Update: Wed Jul 15 19:02:08 UTC 2026
Update: Thu Jul 16 02:04:49 UTC 2026
Update: Thu Jul 16 08:02:36 UTC 2026
Update: Thu Jul 16 13:38:04 UTC 2026
Update: Thu Jul 16 19:01:10 UTC 2026
Update: Fri Jul 17 02:07:49 UTC 2026
Update: Fri Jul 17 07:59:35 UTC 2026
Update: Fri Jul 17 13:15:48 UTC 2026
Update: Fri Jul 17 18:58:58 UTC 2026
Update: Sat Jul 18 01:57:14 UTC 2026
Update: Sat Jul 18 07:39:38 UTC 2026
Update: Sat Jul 18 13:01:25 UTC 2026
Update: Sat Jul 18 18:54:30 UTC 2026
Update: Sun Jul 19 02:08:22 UTC 2026
Update: Sun Jul 19 08:06:35 UTC 2026
Update: Sun Jul 19 13:03:59 UTC 2026
Update: Sun Jul 19 18:57:18 UTC 2026
Update: Mon Jul 20 02:28:29 UTC 2026
Update: Mon Jul 20 08:47:58 UTC 2026
Update: Mon Jul 20 13:54:03 UTC 2026
Update: Mon Jul 20 19:36:56 UTC 2026
Update: Tue Jul 21 02:07:11 UTC 2026
Update: Tue Jul 21 08:16:02 UTC 2026
Update: Tue Jul 21 13:25:45 UTC 2026
Update: Tue Jul 21 19:10:51 UTC 2026
Update: Wed Jul 22 02:05:28 UTC 2026
Update: Wed Jul 22 08:17:01 UTC 2026
Update: Wed Jul 22 13:37:39 UTC 2026
Update: Wed Jul 22 19:04:44 UTC 2026
Update: Thu Jul 23 02:12:06 UTC 2026
Update: Thu Jul 23 08:20:43 UTC 2026
Update: Thu Jul 23 13:43:18 UTC 2026
Update: Thu Jul 23 19:05:38 UTC 2026
Update: Fri Jul 24 02:08:23 UTC 2026
Update: Fri Jul 24 08:15:30 UTC 2026
Update: Fri Jul 24 13:24:31 UTC 2026
Update: Fri Jul 24 19:16:38 UTC 2026
Update: Sat Jul 25 02:07:54 UTC 2026
Update: Sat Jul 25 07:58:00 UTC 2026
Update: Sat Jul 25 13:11:57 UTC 2026
Update: Sat Jul 25 18:58:33 UTC 2026
Update: Sun Jul 26 02:12:45 UTC 2026
Update: Sun Jul 26 08:16:08 UTC 2026
Update: Sun Jul 26 13:07:18 UTC 2026
Update: Sun Jul 26 19:02:12 UTC 2026
Update: Mon Jul 27 02:26:04 UTC 2026
Update: Mon Jul 27 09:39:10 UTC 2026
Update: Mon Jul 27 14:19:26 UTC 2026
Update: Mon Jul 27 19:18:07 UTC 2026
Update: Tue Jul 28 02:01:14 UTC 2026
Update: Tue Jul 28 08:23:45 UTC 2026
Update: Tue Jul 28 13:51:06 UTC 2026
Update: Tue Jul 28 19:14:41 UTC 2026
Update: Wed Jul 29 02:03:46 UTC 2026
Update: Wed Jul 29 08:29:34 UTC 2026
Update: Wed Jul 29 13:55:44 UTC 2026
Update: Wed Jul 29 19:04:45 UTC 2026
Update: Thu Jul 30 01:53:59 UTC 2026
Update: Thu Jul 30 08:14:00 UTC 2026
Update: Thu Jul 30 13:45:29 UTC 2026
Update: Thu Jul 30 19:16:15 UTC 2026
Update: Fri Jul 31 02:12:45 UTC 2026
Update: Fri Jul 31 08:40:32 UTC 2026
Update: Fri Jul 31 13:50:18 UTC 2026
Update: Fri Jul 31 19:15:24 UTC 2026
Update: Sat Aug  1 02:13:59 UTC 2026
Update: Sat Aug  1 08:10:41 UTC 2026
Update: Sat Aug  1 13:05:57 UTC 2026
Update: Sat Aug  1 18:59:51 UTC 2026
Update: Sun Aug  2 02:11:21 UTC 2026
Update: Sun Aug  2 08:12:17 UTC 2026
Update: Sun Aug  2 13:07:24 UTC 2026
Update: Sun Aug  2 19:01:17 UTC 2026
Update: Mon Aug  3 02:13:26 UTC 2026
Update: Mon Aug  3 09:32:27 UTC 2026
Update: Mon Aug  3 14:26:26 UTC 2026
Update: Mon Aug  3 19:23:00 UTC 2026
Update: Tue Aug  4 01:59:19 UTC 2026
Update: Tue Aug  4 08:27:32 UTC 2026
Update: Tue Aug  4 13:56:46 UTC 2026
Update: Tue Aug  4 19:22:41 UTC 2026
Update: Wed Aug  5 01:58:30 UTC 2026
Update: Wed Aug  5 08:26:17 UTC 2026
Update: Wed Aug  5 13:53:52 UTC 2026
Update: Wed Aug  5 19:21:07 UTC 2026
Update: Thu Aug  6 02:02:45 UTC 2026
Update: Thu Aug  6 08:24:32 UTC 2026
Update: Thu Aug  6 13:51:19 UTC 2026
Update: Thu Aug  6 23:52:44 UTC 2026
Update: Fri Aug  7 02:23:28 UTC 2026
Update: Fri Aug  7 07:05:09 UTC 2026
Update: Fri Aug  7 12:50:19 UTC 2026
Update: Fri Aug  7 18:45:43 UTC 2026
Update: Sat Aug  8 01:09:49 UTC 2026
Update: Sat Aug  8 06:40:55 UTC 2026
Update: Sat Aug  8 12:35:04 UTC 2026
Update: Sat Aug  8 18:27:58 UTC 2026
Update: Sun Aug  9 01:14:43 UTC 2026
Update: Sun Aug  9 06:45:01 UTC 2026
Update: Sun Aug  9 12:37:37 UTC 2026
Update: Sun Aug  9 18:31:31 UTC 2026
Update: Mon Aug 10 01:16:39 UTC 2026
Update: Mon Aug 10 07:19:41 UTC 2026
Update: Mon Aug 10 12:54:38 UTC 2026
Update: Mon Aug 10 18:48:11 UTC 2026
Update: Tue Aug 11 01:14:47 UTC 2026
Update: Tue Aug 11 06:56:08 UTC 2026
Update: Tue Aug 11 12:50:23 UTC 2026
Update: Tue Aug 11 18:53:55 UTC 2026
Update: Wed Aug 12 01:22:43 UTC 2026
Update: Wed Aug 12 07:15:09 UTC 2026
Update: Wed Aug 12 12:55:26 UTC 2026
Update: Wed Aug 12 18:53:53 UTC 2026
Update: Thu Aug 13 01:24:45 UTC 2026
Update: Thu Aug 13 07:17:19 UTC 2026
Update: Thu Aug 13 12:56:26 UTC 2026
Update: Thu Aug 13 18:54:15 UTC 2026
Update: Fri Aug 14 01:23:57 UTC 2026
Update: Fri Aug 14 07:15:19 UTC 2026
Update: Fri Aug 14 12:52:27 UTC 2026
Update: Fri Aug 14 18:43:54 UTC 2026
Update: Sat Aug 15 00:54:22 UTC 2026
Update: Sat Aug 15 06:26:58 UTC 2026
Update: Sat Aug 15 12:25:32 UTC 2026
Update: Sat Aug 15 18:19:31 UTC 2026
Update: Sun Aug 16 00:57:21 UTC 2026
Update: Sun Aug 16 06:29:07 UTC 2026
Update: Sun Aug 16 12:27:07 UTC 2026
Update: Sun Aug 16 18:19:29 UTC 2026
Update: Mon Aug 17 00:55:03 UTC 2026
Update: Mon Aug 17 06:41:13 UTC 2026
Update: Mon Aug 17 12:31:48 UTC 2026
Update: Mon Aug 17 18:29:38 UTC 2026
Update: Tue Aug 18 00:53:50 UTC 2026
Update: Tue Aug 18 06:32:29 UTC 2026
Update: Tue Aug 18 12:33:23 UTC 2026
Update: Tue Aug 18 18:28:26 UTC 2026
Update: Wed Aug 19 00:54:26 UTC 2026
Update: Wed Aug 19 06:32:32 UTC 2026
Update: Wed Aug 19 12:32:44 UTC 2026
Update: Wed Aug 19 18:24:12 UTC 2026
Update: Thu Aug 20 00:51:53 UTC 2026
Update: Thu Aug 20 06:34:17 UTC 2026
Update: Thu Aug 20 12:34:13 UTC 2026
Update: Thu Aug 20 18:29:15 UTC 2026
Update: Fri Aug 21 00:55:12 UTC 2026
Update: Fri Aug 21 06:34:59 UTC 2026
Update: Fri Aug 21 12:33:07 UTC 2026
Update: Fri Aug 21 18:27:03 UTC 2026
Update: Sat Aug 22 00:51:51 UTC 2026
